mode: set
github.com/khan-rasul/flagctl/pkg/schema/registry.go:23.39,29.40 2 1
github.com/khan-rasul/flagctl/pkg/schema/registry.go:29.40,34.62 3 1
github.com/khan-rasul/flagctl/pkg/schema/registry.go:34.62,37.42 3 1
github.com/khan-rasul/flagctl/pkg/schema/registry.go:37.42,39.5 1 0
github.com/khan-rasul/flagctl/pkg/schema/registry.go:40.4,41.18 2 1
github.com/khan-rasul/flagctl/pkg/schema/registry.go:41.18,43.5 1 0
github.com/khan-rasul/flagctl/pkg/schema/registry.go:44.4,44.17 1 1
github.com/khan-rasul/flagctl/pkg/schema/registry.go:47.3,49.17 3 1
github.com/khan-rasul/flagctl/pkg/schema/registry.go:49.17,51.4 1 0
github.com/khan-rasul/flagctl/pkg/schema/registry.go:53.3,54.95 2 1
github.com/khan-rasul/flagctl/pkg/schema/registry.go:54.95,56.4 1 0
github.com/khan-rasul/flagctl/pkg/schema/registry.go:58.3,59.17 2 1
github.com/khan-rasul/flagctl/pkg/schema/registry.go:59.17,61.4 1 0
github.com/khan-rasul/flagctl/pkg/schema/registry.go:63.3,64.23 2 1
github.com/khan-rasul/flagctl/pkg/schema/registry.go:67.2,67.15 1 1
github.com/khan-rasul/flagctl/pkg/schema/registry.go:71.43,72.44 1 1
github.com/khan-rasul/flagctl/pkg/schema/registry.go:72.44,74.3 1 1
github.com/khan-rasul/flagctl/pkg/schema/registry.go:75.2,75.13 1 1
github.com/khan-rasul/flagctl/pkg/schema/registry.go:79.72,81.9 2 1
github.com/khan-rasul/flagctl/pkg/schema/registry.go:81.9,83.3 1 1
github.com/khan-rasul/flagctl/pkg/schema/registry.go:85.2,86.53 2 1
github.com/khan-rasul/flagctl/pkg/schema/registry.go:86.53,88.3 1 0
github.com/khan-rasul/flagctl/pkg/schema/registry.go:90.2,90.40 1 1
github.com/khan-rasul/flagctl/pkg/schema/registry.go:90.40,92.3 1 1
github.com/khan-rasul/flagctl/pkg/schema/registry.go:94.2,94.12 1 1
github.com/khan-rasul/flagctl/pkg/cmd/audit.go:19.54,21.17 2 1
github.com/khan-rasul/flagctl/pkg/cmd/audit.go:21.17,23.4 1 0
github.com/khan-rasul/flagctl/pkg/cmd/audit.go:25.3,26.17 2 1
github.com/khan-rasul/flagctl/pkg/cmd/audit.go:26.17,28.4 1 0
github.com/khan-rasul/flagctl/pkg/cmd/audit.go:30.3,31.17 2 1
github.com/khan-rasul/flagctl/pkg/cmd/audit.go:31.17,33.4 1 0
github.com/khan-rasul/flagctl/pkg/cmd/audit.go:35.3,37.17 3 1
github.com/khan-rasul/flagctl/pkg/cmd/audit.go:37.17,39.4 1 0
github.com/khan-rasul/flagctl/pkg/cmd/audit.go:41.3,43.17 3 1
github.com/khan-rasul/flagctl/pkg/cmd/audit.go:43.17,45.4 1 0
github.com/khan-rasul/flagctl/pkg/cmd/audit.go:47.3,52.35 3 1
github.com/khan-rasul/flagctl/pkg/cmd/audit.go:52.35,55.42 3 0
github.com/khan-rasul/flagctl/pkg/cmd/audit.go:55.42,58.5 2 0
github.com/khan-rasul/flagctl/pkg/cmd/audit.go:59.4,59.17 1 0
github.com/khan-rasul/flagctl/pkg/cmd/audit.go:60.9,62.4 1 1
github.com/khan-rasul/flagctl/pkg/cmd/audit.go:65.3,65.39 1 1
github.com/khan-rasul/flagctl/pkg/cmd/audit.go:65.39,68.46 3 1
github.com/khan-rasul/flagctl/pkg/cmd/audit.go:68.46,71.5 2 1
github.com/khan-rasul/flagctl/pkg/cmd/audit.go:72.4,72.17 1 1
github.com/khan-rasul/flagctl/pkg/cmd/audit.go:73.9,75.4 1 0
github.com/khan-rasul/flagctl/pkg/cmd/audit.go:78.3,78.36 1 1
github.com/khan-rasul/flagctl/pkg/cmd/audit.go:78.36,80.45 2 0
github.com/khan-rasul/flagctl/pkg/cmd/audit.go:80.45,82.5 1 0
github.com/khan-rasul/flagctl/pkg/cmd/audit.go:83.4,83.17 1 0
github.com/khan-rasul/flagctl/pkg/cmd/audit.go:84.9,86.4 1 1
github.com/khan-rasul/flagctl/pkg/cmd/audit.go:88.3,88.31 1 1
github.com/khan-rasul/flagctl/pkg/cmd/audit.go:88.31,90.4 1 1
github.com/khan-rasul/flagctl/pkg/cmd/audit.go:92.3,92.13 1 1
github.com/khan-rasul/flagctl/pkg/cmd/audit.go:96.13,98.2 1 1
github.com/khan-rasul/flagctl/pkg/cmd/create.go:28.54,29.22 1 1
github.com/khan-rasul/flagctl/pkg/cmd/create.go:29.22,31.4 1 1
github.com/khan-rasul/flagctl/pkg/cmd/create.go:33.3,34.17 2 1
github.com/khan-rasul/flagctl/pkg/cmd/create.go:34.17,36.4 1 0
github.com/khan-rasul/flagctl/pkg/cmd/create.go:38.3,39.17 2 1
github.com/khan-rasul/flagctl/pkg/cmd/create.go:39.17,41.4 1 0
github.com/khan-rasul/flagctl/pkg/cmd/create.go:43.3,44.17 2 1
github.com/khan-rasul/flagctl/pkg/cmd/create.go:44.17,46.4 1 0
github.com/khan-rasul/flagctl/pkg/cmd/create.go:48.3,50.17 3 1
github.com/khan-rasul/flagctl/pkg/cmd/create.go:50.17,52.4 1 0
github.com/khan-rasul/flagctl/pkg/cmd/create.go:54.3,57.27 3 1
github.com/khan-rasul/flagctl/pkg/cmd/create.go:57.27,60.31 2 1
github.com/khan-rasul/flagctl/pkg/cmd/create.go:60.31,62.21 2 1
github.com/khan-rasul/flagctl/pkg/cmd/create.go:62.21,65.33 3 1
github.com/khan-rasul/flagctl/pkg/cmd/create.go:65.33,67.7 1 0
github.com/khan-rasul/flagctl/pkg/cmd/create.go:67.12,67.39 1 1
github.com/khan-rasul/flagctl/pkg/cmd/create.go:67.39,71.7 3 1
github.com/khan-rasul/flagctl/pkg/cmd/create.go:71.12,71.39 1 1
github.com/khan-rasul/flagctl/pkg/cmd/create.go:71.39,73.61 2 0
github.com/khan-rasul/flagctl/pkg/cmd/create.go:73.61,75.8 1 0
github.com/khan-rasul/flagctl/pkg/cmd/create.go:75.13,77.8 1 0
github.com/khan-rasul/flagctl/pkg/cmd/create.go:78.12,80.7 1 1
github.com/khan-rasul/flagctl/pkg/cmd/create.go:83.9,85.31 1 1
github.com/khan-rasul/flagctl/pkg/cmd/create.go:85.31,88.5 2 1
github.com/khan-rasul/flagctl/pkg/cmd/create.go:88.10,90.5 1 0
github.com/khan-rasul/flagctl/pkg/cmd/create.go:93.3,93.26 1 1
github.com/khan-rasul/flagctl/pkg/cmd/create.go:93.26,94.38 1 0
github.com/khan-rasul/flagctl/pkg/cmd/create.go:94.38,96.5 1 0
github.com/khan-rasul/flagctl/pkg/cmd/create.go:96.10,96.50 1 0
github.com/khan-rasul/flagctl/pkg/cmd/create.go:96.50,98.5 1 0
github.com/khan-rasul/flagctl/pkg/cmd/create.go:98.10,99.32 1 0
github.com/khan-rasul/flagctl/pkg/cmd/create.go:99.32,101.11 2 0
github.com/khan-rasul/flagctl/pkg/cmd/create.go:104.9,105.48 1 1
github.com/khan-rasul/flagctl/pkg/cmd/create.go:105.48,107.5 1 1
github.com/khan-rasul/flagctl/pkg/cmd/create.go:110.3,111.21 2 1
github.com/khan-rasul/flagctl/pkg/cmd/create.go:111.21,113.4 1 0
github.com/khan-rasul/flagctl/pkg/cmd/create.go:115.3,116.30 2 1
github.com/khan-rasul/flagctl/pkg/cmd/create.go:116.30,118.4 1 0
github.com/khan-rasul/flagctl/pkg/cmd/create.go:120.3,127.54 2 1
github.com/khan-rasul/flagctl/pkg/cmd/create.go:127.54,129.4 1 0
github.com/khan-rasul/flagctl/pkg/cmd/create.go:131.3,131.71 1 1
github.com/khan-rasul/flagctl/pkg/cmd/create.go:131.71,133.4 1 0
github.com/khan-rasul/flagctl/pkg/cmd/create.go:135.3,138.52 2 1
github.com/khan-rasul/flagctl/pkg/cmd/create.go:138.52,139.78 1 1
github.com/khan-rasul/flagctl/pkg/cmd/create.go:139.78,140.51 1 1
github.com/khan-rasul/flagctl/pkg/cmd/create.go:140.51,145.6 4 1
github.com/khan-rasul/flagctl/pkg/cmd/create.go:149.3,149.13 1 1
github.com/khan-rasul/flagctl/pkg/cmd/create.go:153.13,160.2 6 1
github.com/khan-rasul/flagctl/pkg/cmd/delete.go:24.54,25.22 1 1
github.com/khan-rasul/flagctl/pkg/cmd/delete.go:25.22,27.4 1 1
github.com/khan-rasul/flagctl/pkg/cmd/delete.go:29.3,30.17 2 1
github.com/khan-rasul/flagctl/pkg/cmd/delete.go:30.17,32.4 1 0
github.com/khan-rasul/flagctl/pkg/cmd/delete.go:34.3,35.17 2 1
github.com/khan-rasul/flagctl/pkg/cmd/delete.go:35.17,37.4 1 0
github.com/khan-rasul/flagctl/pkg/cmd/delete.go:39.3,40.17 2 1
github.com/khan-rasul/flagctl/pkg/cmd/delete.go:40.17,42.4 1 0
github.com/khan-rasul/flagctl/pkg/cmd/delete.go:44.3,46.17 3 1
github.com/khan-rasul/flagctl/pkg/cmd/delete.go:46.17,48.4 1 0
github.com/khan-rasul/flagctl/pkg/cmd/delete.go:50.3,50.43 1 1
github.com/khan-rasul/flagctl/pkg/cmd/delete.go:50.43,52.4 1 1
github.com/khan-rasul/flagctl/pkg/cmd/delete.go:55.3,55.19 1 1
github.com/khan-rasul/flagctl/pkg/cmd/delete.go:55.19,58.38 3 0
github.com/khan-rasul/flagctl/pkg/cmd/delete.go:58.38,60.31 2 0
github.com/khan-rasul/flagctl/pkg/cmd/delete.go:60.31,63.6 2 0
github.com/khan-rasul/flagctl/pkg/cmd/delete.go:64.5,65.99 2 0
github.com/khan-rasul/flagctl/pkg/cmd/delete.go:69.3,69.51 1 1
github.com/khan-rasul/flagctl/pkg/cmd/delete.go:69.51,71.4 1 0
github.com/khan-rasul/flagctl/pkg/cmd/delete.go:73.3,73.71 1 1
github.com/khan-rasul/flagctl/pkg/cmd/delete.go:73.71,75.4 1 0
github.com/khan-rasul/flagctl/pkg/cmd/delete.go:77.3,80.52 2 1
github.com/khan-rasul/flagctl/pkg/cmd/delete.go:80.52,81.78 1 1
github.com/khan-rasul/flagctl/pkg/cmd/delete.go:81.78,82.51 1 1
github.com/khan-rasul/flagctl/pkg/cmd/delete.go:82.51,86.6 3 1
github.com/khan-rasul/flagctl/pkg/cmd/delete.go:90.3,90.13 1 1
github.com/khan-rasul/flagctl/pkg/cmd/delete.go:94.13,97.2 2 1
github.com/khan-rasul/flagctl/pkg/cmd/deprecate.go:21.54,22.25 1 1
github.com/khan-rasul/flagctl/pkg/cmd/deprecate.go:22.25,24.4 1 1
github.com/khan-rasul/flagctl/pkg/cmd/deprecate.go:26.3,27.17 2 1
github.com/khan-rasul/flagctl/pkg/cmd/deprecate.go:27.17,29.4 1 0
github.com/khan-rasul/flagctl/pkg/cmd/deprecate.go:31.3,32.17 2 1
github.com/khan-rasul/flagctl/pkg/cmd/deprecate.go:32.17,34.4 1 0
github.com/khan-rasul/flagctl/pkg/cmd/deprecate.go:36.3,37.17 2 1
github.com/khan-rasul/flagctl/pkg/cmd/deprecate.go:37.17,39.4 1 0
github.com/khan-rasul/flagctl/pkg/cmd/deprecate.go:41.3,43.17 3 1
github.com/khan-rasul/flagctl/pkg/cmd/deprecate.go:43.17,45.4 1 0
github.com/khan-rasul/flagctl/pkg/cmd/deprecate.go:47.3,48.10 2 1
github.com/khan-rasul/flagctl/pkg/cmd/deprecate.go:48.10,50.4 1 0
github.com/khan-rasul/flagctl/pkg/cmd/deprecate.go:52.3,52.29 1 1
github.com/khan-rasul/flagctl/pkg/cmd/deprecate.go:52.29,55.4 2 1
github.com/khan-rasul/flagctl/pkg/cmd/deprecate.go:57.3,57.74 1 1
github.com/khan-rasul/flagctl/pkg/cmd/deprecate.go:57.74,59.4 1 0
github.com/khan-rasul/flagctl/pkg/cmd/deprecate.go:61.3,61.71 1 1
github.com/khan-rasul/flagctl/pkg/cmd/deprecate.go:61.71,63.4 1 0
github.com/khan-rasul/flagctl/pkg/cmd/deprecate.go:65.3,68.13 3 1
github.com/khan-rasul/flagctl/pkg/cmd/deprecate.go:72.13,75.2 2 1
github.com/khan-rasul/flagctl/pkg/cmd/generate.go:22.54,24.17 2 1
github.com/khan-rasul/flagctl/pkg/cmd/generate.go:24.17,26.4 1 0
github.com/khan-rasul/flagctl/pkg/cmd/generate.go:28.3,29.17 2 1
github.com/khan-rasul/flagctl/pkg/cmd/generate.go:29.17,31.4 1 0
github.com/khan-rasul/flagctl/pkg/cmd/generate.go:33.3,34.17 2 1
github.com/khan-rasul/flagctl/pkg/cmd/generate.go:34.17,36.4 1 0
github.com/khan-rasul/flagctl/pkg/cmd/generate.go:38.3,39.41 2 1
github.com/khan-rasul/flagctl/pkg/cmd/generate.go:39.41,41.4 1 0
github.com/khan-rasul/flagctl/pkg/cmd/generate.go:42.3,42.17 1 1
github.com/khan-rasul/flagctl/pkg/cmd/generate.go:42.17,44.4 1 0
github.com/khan-rasul/flagctl/pkg/cmd/generate.go:46.3,47.44 2 1
github.com/khan-rasul/flagctl/pkg/cmd/generate.go:47.44,49.4 1 0
github.com/khan-rasul/flagctl/pkg/cmd/generate.go:50.3,50.20 1 1
github.com/khan-rasul/flagctl/pkg/cmd/generate.go:50.20,51.20 1 0
github.com/khan-rasul/flagctl/pkg/cmd/generate.go:51.20,53.5 1 0
github.com/khan-rasul/flagctl/pkg/cmd/generate.go:53.10,55.5 1 0
github.com/khan-rasul/flagctl/pkg/cmd/generate.go:58.3,60.17 3 1
github.com/khan-rasul/flagctl/pkg/cmd/generate.go:60.17,62.4 1 0
github.com/khan-rasul/flagctl/pkg/cmd/generate.go:64.3,65.17 2 1
github.com/khan-rasul/flagctl/pkg/cmd/generate.go:65.17,67.4 1 0
github.com/khan-rasul/flagctl/pkg/cmd/generate.go:69.3,70.17 2 1
github.com/khan-rasul/flagctl/pkg/cmd/generate.go:70.17,72.4 1 0
github.com/khan-rasul/flagctl/pkg/cmd/generate.go:74.3,75.70 2 1
github.com/khan-rasul/flagctl/pkg/cmd/generate.go:75.70,77.4 1 0
github.com/khan-rasul/flagctl/pkg/cmd/generate.go:79.3,79.71 1 1
github.com/khan-rasul/flagctl/pkg/cmd/generate.go:79.71,81.4 1 0
github.com/khan-rasul/flagctl/pkg/cmd/generate.go:83.3,93.13 4 1
github.com/khan-rasul/flagctl/pkg/cmd/generate.go:97.13,100.2 2 1
github.com/khan-rasul/flagctl/pkg/cmd/init.go:24.54,26.17 2 1
github.com/khan-rasul/flagctl/pkg/cmd/init.go:26.17,28.4 1 0
github.com/khan-rasul/flagctl/pkg/cmd/init.go:30.3,30.26 1 1
github.com/khan-rasul/flagctl/pkg/cmd/init.go:30.26,32.4 1 1
github.com/khan-rasul/flagctl/pkg/cmd/init.go:34.3,35.74 2 1
github.com/khan-rasul/flagctl/pkg/cmd/init.go:35.74,37.4 1 1
github.com/khan-rasul/flagctl/pkg/cmd/init.go:39.3,39.23 1 1
github.com/khan-rasul/flagctl/pkg/cmd/init.go:39.23,40.51 1 1
github.com/khan-rasul/flagctl/pkg/cmd/init.go:40.51,42.5 1 0
github.com/khan-rasul/flagctl/pkg/cmd/init.go:42.10,44.5 1 1
github.com/khan-rasul/flagctl/pkg/cmd/init.go:47.3,50.48 3 1
github.com/khan-rasul/flagctl/pkg/cmd/init.go:50.48,52.4 1 0
github.com/khan-rasul/flagctl/pkg/cmd/init.go:54.3,54.16 1 1
github.com/khan-rasul/flagctl/pkg/cmd/init.go:54.16,56.73 2 1
github.com/khan-rasul/flagctl/pkg/cmd/init.go:56.73,58.5 1 0
github.com/khan-rasul/flagctl/pkg/cmd/init.go:62.3,70.25 2 1
github.com/khan-rasul/flagctl/pkg/cmd/init.go:70.25,72.28 2 1
github.com/khan-rasul/flagctl/pkg/cmd/init.go:72.28,74.5 1 0
github.com/khan-rasul/flagctl/pkg/cmd/init.go:75.4,79.5 1 1
github.com/khan-rasul/flagctl/pkg/cmd/init.go:82.3,82.61 1 1
github.com/khan-rasul/flagctl/pkg/cmd/init.go:82.61,84.4 1 0
github.com/khan-rasul/flagctl/pkg/cmd/init.go:86.3,86.15 1 1
github.com/khan-rasul/flagctl/pkg/cmd/init.go:86.15,88.4 1 0
github.com/khan-rasul/flagctl/pkg/cmd/init.go:88.9,91.4 2 1
github.com/khan-rasul/flagctl/pkg/cmd/init.go:93.3,93.13 1 1
github.com/khan-rasul/flagctl/pkg/cmd/init.go:97.13,102.2 4 1
github.com/khan-rasul/flagctl/pkg/cmd/list.go:18.54,20.17 2 1
github.com/khan-rasul/flagctl/pkg/cmd/list.go:20.17,22.4 1 0
github.com/khan-rasul/flagctl/pkg/cmd/list.go:24.3,25.17 2 1
github.com/khan-rasul/flagctl/pkg/cmd/list.go:25.17,27.4 1 0
github.com/khan-rasul/flagctl/pkg/cmd/list.go:29.3,30.17 2 1
github.com/khan-rasul/flagctl/pkg/cmd/list.go:30.17,32.4 1 0
github.com/khan-rasul/flagctl/pkg/cmd/list.go:34.3,36.17 3 1
github.com/khan-rasul/flagctl/pkg/cmd/list.go:36.17,38.4 1 0
github.com/khan-rasul/flagctl/pkg/cmd/list.go:40.3,40.26 1 1
github.com/khan-rasul/flagctl/pkg/cmd/list.go:40.26,43.4 2 0
github.com/khan-rasul/flagctl/pkg/cmd/list.go:45.3,49.36 4 1
github.com/khan-rasul/flagctl/pkg/cmd/list.go:49.36,51.34 2 1
github.com/khan-rasul/flagctl/pkg/cmd/list.go:51.34,52.23 1 1
github.com/khan-rasul/flagctl/pkg/cmd/list.go:52.23,54.6 1 1
github.com/khan-rasul/flagctl/pkg/cmd/list.go:55.5,55.19 1 1
github.com/khan-rasul/flagctl/pkg/cmd/list.go:58.4,59.30 2 1
github.com/khan-rasul/flagctl/pkg/cmd/list.go:59.30,61.5 1 0
github.com/khan-rasul/flagctl/pkg/cmd/list.go:63.4,63.98 1 1
github.com/khan-rasul/flagctl/pkg/cmd/list.go:66.3,67.13 2 1
github.com/khan-rasul/flagctl/pkg/cmd/rollout.go:26.54,27.23 1 1
github.com/khan-rasul/flagctl/pkg/cmd/rollout.go:27.23,29.4 1 1
github.com/khan-rasul/flagctl/pkg/cmd/rollout.go:31.3,32.17 2 1
github.com/khan-rasul/flagctl/pkg/cmd/rollout.go:32.17,34.4 1 0
github.com/khan-rasul/flagctl/pkg/cmd/rollout.go:36.3,37.17 2 1
github.com/khan-rasul/flagctl/pkg/cmd/rollout.go:37.17,39.4 1 0
github.com/khan-rasul/flagctl/pkg/cmd/rollout.go:41.3,42.17 2 1
github.com/khan-rasul/flagctl/pkg/cmd/rollout.go:42.17,44.4 1 0
github.com/khan-rasul/flagctl/pkg/cmd/rollout.go:46.3,48.17 3 1
github.com/khan-rasul/flagctl/pkg/cmd/rollout.go:48.17,50.4 1 0
github.com/khan-rasul/flagctl/pkg/cmd/rollout.go:52.3,53.10 2 1
github.com/khan-rasul/flagctl/pkg/cmd/rollout.go:53.10,55.4 1 0
github.com/khan-rasul/flagctl/pkg/cmd/rollout.go:58.3,58.29 1 1
github.com/khan-rasul/flagctl/pkg/cmd/rollout.go:58.29,60.4 1 0
github.com/khan-rasul/flagctl/pkg/cmd/rollout.go:63.3,63.28 1 1
github.com/khan-rasul/flagctl/pkg/cmd/rollout.go:63.28,64.52 1 1
github.com/khan-rasul/flagctl/pkg/cmd/rollout.go:64.52,66.5 1 0
github.com/khan-rasul/flagctl/pkg/cmd/rollout.go:67.4,69.72 3 1
github.com/khan-rasul/flagctl/pkg/cmd/rollout.go:69.72,71.5 1 0
github.com/khan-rasul/flagctl/pkg/cmd/rollout.go:72.4,73.14 2 1
github.com/khan-rasul/flagctl/pkg/cmd/rollout.go:76.3,76.26 1 1
github.com/khan-rasul/flagctl/pkg/cmd/rollout.go:76.26,78.4 1 0
github.com/khan-rasul/flagctl/pkg/cmd/rollout.go:81.3,84.30 4 1
github.com/khan-rasul/flagctl/pkg/cmd/rollout.go:84.30,86.20 2 1
github.com/khan-rasul/flagctl/pkg/cmd/rollout.go:86.20,89.19 3 1
github.com/khan-rasul/flagctl/pkg/cmd/rollout.go:89.19,91.6 1 0
github.com/khan-rasul/flagctl/pkg/cmd/rollout.go:92.5,92.39 1 1
github.com/khan-rasul/flagctl/pkg/cmd/rollout.go:92.39,94.6 1 0
github.com/khan-rasul/flagctl/pkg/cmd/rollout.go:95.5,96.15 2 1
github.com/khan-rasul/flagctl/pkg/cmd/rollout.go:101.3,101.52 1 1
github.com/khan-rasul/flagctl/pkg/cmd/rollout.go:101.52,102.44 1 0
github.com/khan-rasul/flagctl/pkg/cmd/rollout.go:102.44,103.39 1 0
github.com/khan-rasul/flagctl/pkg/cmd/rollout.go:103.39,104.29 1 0
github.com/khan-rasul/flagctl/pkg/cmd/rollout.go:104.29,107.12 3 0
github.com/khan-rasul/flagctl/pkg/cmd/rollout.go:114.3,114.41 1 1
github.com/khan-rasul/flagctl/pkg/cmd/rollout.go:114.41,116.33 2 0
github.com/khan-rasul/flagctl/pkg/cmd/rollout.go:116.33,119.5 2 0
github.com/khan-rasul/flagctl/pkg/cmd/rollout.go:122.3,122.19 1 1
github.com/khan-rasul/flagctl/pkg/cmd/rollout.go:122.19,124.4 1 1
github.com/khan-rasul/flagctl/pkg/cmd/rollout.go:127.3,128.30 2 1
github.com/khan-rasul/flagctl/pkg/cmd/rollout.go:128.30,130.4 1 1
github.com/khan-rasul/flagctl/pkg/cmd/rollout.go:132.3,132.28 1 1
github.com/khan-rasul/flagctl/pkg/cmd/rollout.go:132.28,134.4 1 0
github.com/khan-rasul/flagctl/pkg/cmd/rollout.go:136.3,142.71 3 1
github.com/khan-rasul/flagctl/pkg/cmd/rollout.go:142.71,144.4 1 0
github.com/khan-rasul/flagctl/pkg/cmd/rollout.go:146.3,148.13 2 1
github.com/khan-rasul/flagctl/pkg/cmd/rollout.go:152.13,158.2 5 1
github.com/khan-rasul/flagctl/pkg/cmd/root.go:18.16,19.42 1 0
github.com/khan-rasul/flagctl/pkg/cmd/root.go:19.42,22.3 2 0
github.com/khan-rasul/flagctl/pkg/cmd/root.go:25.13,39.2 13 1
github.com/khan-rasul/flagctl/pkg/cmd/target.go:24.54,25.70 1 1
github.com/khan-rasul/flagctl/pkg/cmd/target.go:25.70,27.4 1 1
github.com/khan-rasul/flagctl/pkg/cmd/target.go:29.3,30.17 2 1
github.com/khan-rasul/flagctl/pkg/cmd/target.go:30.17,32.4 1 0
github.com/khan-rasul/flagctl/pkg/cmd/target.go:34.3,35.17 2 1
github.com/khan-rasul/flagctl/pkg/cmd/target.go:35.17,37.4 1 0
github.com/khan-rasul/flagctl/pkg/cmd/target.go:39.3,40.17 2 1
github.com/khan-rasul/flagctl/pkg/cmd/target.go:40.17,42.4 1 0
github.com/khan-rasul/flagctl/pkg/cmd/target.go:44.3,46.17 3 1
github.com/khan-rasul/flagctl/pkg/cmd/target.go:46.17,48.4 1 0
github.com/khan-rasul/flagctl/pkg/cmd/target.go:50.3,51.10 2 1
github.com/khan-rasul/flagctl/pkg/cmd/target.go:51.10,53.4 1 0
github.com/khan-rasul/flagctl/pkg/cmd/target.go:55.3,55.29 1 1
github.com/khan-rasul/flagctl/pkg/cmd/target.go:55.29,57.4 1 0
github.com/khan-rasul/flagctl/pkg/cmd/target.go:59.3,59.49 1 1
github.com/khan-rasul/flagctl/pkg/cmd/target.go:59.49,61.4 1 1
github.com/khan-rasul/flagctl/pkg/cmd/target.go:63.3,63.27 1 1
github.com/khan-rasul/flagctl/pkg/cmd/target.go:63.27,65.4 1 1
github.com/khan-rasul/flagctl/pkg/cmd/target.go:69.3,84.71 3 1
github.com/khan-rasul/flagctl/pkg/cmd/target.go:84.71,86.4 1 0
github.com/khan-rasul/flagctl/pkg/cmd/target.go:88.3,90.13 2 1
github.com/khan-rasul/flagctl/pkg/cmd/target.go:94.13,100.2 5 1
github.com/khan-rasul/flagctl/pkg/cmd/undeprecate.go:18.54,19.27 1 1
github.com/khan-rasul/flagctl/pkg/cmd/undeprecate.go:19.27,21.4 1 1
github.com/khan-rasul/flagctl/pkg/cmd/undeprecate.go:23.3,24.17 2 1
github.com/khan-rasul/flagctl/pkg/cmd/undeprecate.go:24.17,26.4 1 0
github.com/khan-rasul/flagctl/pkg/cmd/undeprecate.go:28.3,29.17 2 1
github.com/khan-rasul/flagctl/pkg/cmd/undeprecate.go:29.17,31.4 1 0
github.com/khan-rasul/flagctl/pkg/cmd/undeprecate.go:33.3,34.17 2 1
github.com/khan-rasul/flagctl/pkg/cmd/undeprecate.go:34.17,36.4 1 0
github.com/khan-rasul/flagctl/pkg/cmd/undeprecate.go:38.3,40.17 3 1
github.com/khan-rasul/flagctl/pkg/cmd/undeprecate.go:40.17,42.4 1 0
github.com/khan-rasul/flagctl/pkg/cmd/undeprecate.go:44.3,44.61 1 1
github.com/khan-rasul/flagctl/pkg/cmd/undeprecate.go:44.61,46.4 1 0
github.com/khan-rasul/flagctl/pkg/cmd/undeprecate.go:48.3,48.71 1 1
github.com/khan-rasul/flagctl/pkg/cmd/undeprecate.go:48.71,50.4 1 0
github.com/khan-rasul/flagctl/pkg/cmd/undeprecate.go:52.3,54.13 2 1
github.com/khan-rasul/flagctl/pkg/cmd/undeprecate.go:58.13,60.2 1 1
github.com/khan-rasul/flagctl/pkg/cmd/update.go:25.54,26.22 1 1
github.com/khan-rasul/flagctl/pkg/cmd/update.go:26.22,28.4 1 1
github.com/khan-rasul/flagctl/pkg/cmd/update.go:31.3,31.27 1 1
github.com/khan-rasul/flagctl/pkg/cmd/update.go:31.27,33.4 1 0
github.com/khan-rasul/flagctl/pkg/cmd/update.go:35.3,36.17 2 1
github.com/khan-rasul/flagctl/pkg/cmd/update.go:36.17,38.4 1 0
github.com/khan-rasul/flagctl/pkg/cmd/update.go:40.3,41.17 2 1
github.com/khan-rasul/flagctl/pkg/cmd/update.go:41.17,43.4 1 0
github.com/khan-rasul/flagctl/pkg/cmd/update.go:45.3,46.17 2 1
github.com/khan-rasul/flagctl/pkg/cmd/update.go:46.17,48.4 1 0
github.com/khan-rasul/flagctl/pkg/cmd/update.go:50.3,52.17 3 1
github.com/khan-rasul/flagctl/pkg/cmd/update.go:52.17,54.4 1 0
github.com/khan-rasul/flagctl/pkg/cmd/update.go:56.3,57.10 2 1
github.com/khan-rasul/flagctl/pkg/cmd/update.go:57.10,59.4 1 0
github.com/khan-rasul/flagctl/pkg/cmd/update.go:62.3,62.29 1 1
github.com/khan-rasul/flagctl/pkg/cmd/update.go:62.29,64.4 1 0
github.com/khan-rasul/flagctl/pkg/cmd/update.go:66.3,68.24 2 1
github.com/khan-rasul/flagctl/pkg/cmd/update.go:68.24,70.43 2 1
github.com/khan-rasul/flagctl/pkg/cmd/update.go:70.43,72.5 1 1
github.com/khan-rasul/flagctl/pkg/cmd/update.go:73.4,74.18 2 1
github.com/khan-rasul/flagctl/pkg/cmd/update.go:77.3,77.26 1 1
github.com/khan-rasul/flagctl/pkg/cmd/update.go:77.26,78.50 1 1
github.com/khan-rasul/flagctl/pkg/cmd/update.go:78.50,80.5 1 1
github.com/khan-rasul/flagctl/pkg/cmd/update.go:81.4,82.18 2 0
github.com/khan-rasul/flagctl/pkg/cmd/update.go:85.3,85.30 1 1
github.com/khan-rasul/flagctl/pkg/cmd/update.go:85.30,86.28 1 1
github.com/khan-rasul/flagctl/pkg/cmd/update.go:86.28,88.5 1 1
github.com/khan-rasul/flagctl/pkg/cmd/update.go:89.4,90.18 2 1
github.com/khan-rasul/flagctl/pkg/cmd/update.go:93.3,93.15 1 1
github.com/khan-rasul/flagctl/pkg/cmd/update.go:93.15,95.4 1 0
github.com/khan-rasul/flagctl/pkg/cmd/update.go:97.3,97.71 1 1
github.com/khan-rasul/flagctl/pkg/cmd/update.go:97.71,99.4 1 0
github.com/khan-rasul/flagctl/pkg/cmd/update.go:101.3,103.13 2 1
github.com/khan-rasul/flagctl/pkg/cmd/update.go:107.13,113.2 5 1
github.com/khan-rasul/flagctl/pkg/cmd/validate.go:20.54,22.17 2 1
github.com/khan-rasul/flagctl/pkg/cmd/validate.go:22.17,24.4 1 0
github.com/khan-rasul/flagctl/pkg/cmd/validate.go:26.3,29.23 3 1
github.com/khan-rasul/flagctl/pkg/cmd/validate.go:29.23,31.18 2 1
github.com/khan-rasul/flagctl/pkg/cmd/validate.go:31.18,33.5 1 0
github.com/khan-rasul/flagctl/pkg/cmd/validate.go:34.4,35.18 2 1
github.com/khan-rasul/flagctl/pkg/cmd/validate.go:35.18,37.5 1 0
github.com/khan-rasul/flagctl/pkg/cmd/validate.go:38.4,39.39 2 1
github.com/khan-rasul/flagctl/pkg/cmd/validate.go:42.3,43.17 2 1
github.com/khan-rasul/flagctl/pkg/cmd/validate.go:43.17,45.4 1 0
github.com/khan-rasul/flagctl/pkg/cmd/validate.go:48.3,49.17 2 1
github.com/khan-rasul/flagctl/pkg/cmd/validate.go:49.17,51.4 1 0
github.com/khan-rasul/flagctl/pkg/cmd/validate.go:53.3,54.17 2 1
github.com/khan-rasul/flagctl/pkg/cmd/validate.go:54.17,56.4 1 0
github.com/khan-rasul/flagctl/pkg/cmd/validate.go:58.3,58.67 1 1
github.com/khan-rasul/flagctl/pkg/cmd/validate.go:58.67,61.4 2 0
github.com/khan-rasul/flagctl/pkg/cmd/validate.go:63.3,64.13 2 1
github.com/khan-rasul/flagctl/pkg/cmd/validate.go:68.13,70.2 1 1
github.com/khan-rasul/flagctl/pkg/cmd/version.go:13.47,15.3 1 1
github.com/khan-rasul/flagctl/main.go:7.13,9.2 1 0
github.com/khan-rasul/flagctl/pkg/config/config.go:29.50,39.2 1 1
github.com/khan-rasul/flagctl/pkg/config/config.go:41.66,43.16 2 1
github.com/khan-rasul/flagctl/pkg/config/config.go:43.16,45.3 1 1
github.com/khan-rasul/flagctl/pkg/config/config.go:47.2,50.112 3 1
github.com/khan-rasul/flagctl/pkg/config/config.go:50.112,51.52 1 1
github.com/khan-rasul/flagctl/pkg/config/config.go:51.52,53.4 1 1
github.com/khan-rasul/flagctl/pkg/config/config.go:54.8,55.52 1 1
github.com/khan-rasul/flagctl/pkg/config/config.go:55.52,57.4 1 1
github.com/khan-rasul/flagctl/pkg/config/config.go:60.2,60.22 1 1
github.com/khan-rasul/flagctl/pkg/config/config.go:60.22,62.3 1 0
github.com/khan-rasul/flagctl/pkg/config/config.go:64.2,64.18 1 1
github.com/khan-rasul/flagctl/pkg/config/config.go:67.68,72.112 4 1
github.com/khan-rasul/flagctl/pkg/config/config.go:72.112,74.3 1 1
github.com/khan-rasul/flagctl/pkg/config/config.go:74.8,76.3 1 1
github.com/khan-rasul/flagctl/pkg/config/config.go:78.2,78.16 1 1
github.com/khan-rasul/flagctl/pkg/config/config.go:78.16,80.3 1 0
github.com/khan-rasul/flagctl/pkg/config/config.go:82.2,83.29 2 1
github.com/khan-rasul/flagctl/pkg/config/config.go:83.29,84.48 1 1
github.com/khan-rasul/flagctl/pkg/config/config.go:84.48,86.4 1 0
github.com/khan-rasul/flagctl/pkg/config/config.go:89.2,89.39 1 1
github.com/khan-rasul/flagctl/pkg/config/config.go:92.56,95.2 2 1
github.com/khan-rasul/flagctl/pkg/config/config.go:97.60,98.39 1 1
github.com/khan-rasul/flagctl/pkg/config/config.go:98.39,100.3 1 1
github.com/khan-rasul/flagctl/pkg/config/config.go:101.2,102.12 2 1
github.com/khan-rasul/flagctl/pkg/config/config.go:105.52,106.26 1 1
github.com/khan-rasul/flagctl/pkg/config/config.go:106.26,108.3 1 1
github.com/khan-rasul/flagctl/pkg/config/config.go:109.2,110.9 2 1
github.com/khan-rasul/flagctl/pkg/config/config.go:110.9,112.3 1 1
github.com/khan-rasul/flagctl/pkg/config/config.go:113.2,113.29 1 1
github.com/khan-rasul/flagctl/pkg/config/config.go:113.29,115.3 1 1
github.com/khan-rasul/flagctl/pkg/config/config.go:116.2,116.14 1 0
github.com/khan-rasul/flagctl/pkg/config/config.go:119.69,121.9 2 1
github.com/khan-rasul/flagctl/pkg/config/config.go:121.9,123.3 1 1
github.com/khan-rasul/flagctl/pkg/config/config.go:125.2,125.26 1 1
github.com/khan-rasul/flagctl/pkg/config/config.go:125.26,127.3 1 1
github.com/khan-rasul/flagctl/pkg/config/config.go:129.2,131.18 3 1
github.com/khan-rasul/flagctl/pkg/config/config.go:131.18,133.3 1 1
github.com/khan-rasul/flagctl/pkg/config/config.go:135.2,135.12 1 1
github.com/khan-rasul/flagctl/pkg/config/config.go:138.56,140.9 2 1
github.com/khan-rasul/flagctl/pkg/config/config.go:140.9,142.3 1 1
github.com/khan-rasul/flagctl/pkg/config/config.go:144.2,144.26 1 1
github.com/khan-rasul/flagctl/pkg/config/config.go:144.26,148.3 3 1
github.com/khan-rasul/flagctl/pkg/config/config.go:150.2,150.12 1 1
github.com/khan-rasul/flagctl/pkg/config/config.go:153.51,154.32 1 1
github.com/khan-rasul/flagctl/pkg/config/config.go:154.32,156.3 1 1
github.com/khan-rasul/flagctl/pkg/config/config.go:157.2,158.12 2 1
github.com/khan-rasul/flagctl/pkg/generator/generator.go:16.28,18.2 1 1
github.com/khan-rasul/flagctl/pkg/generator/generator.go:20.51,22.9 2 1
github.com/khan-rasul/flagctl/pkg/generator/generator.go:22.9,24.3 1 1
github.com/khan-rasul/flagctl/pkg/generator/generator.go:25.2,25.15 1 1
github.com/khan-rasul/flagctl/pkg/generator/generator.go:28.13,31.2 2 1
github.com/khan-rasul/flagctl/pkg/generator/golang.go:13.41,15.2 1 1
github.com/khan-rasul/flagctl/pkg/generator/golang.go:17.38,18.53 1 1
github.com/khan-rasul/flagctl/pkg/generator/golang.go:18.53,20.3 1 1
github.com/khan-rasul/flagctl/pkg/generator/golang.go:21.2,21.23 1 1
github.com/khan-rasul/flagctl/pkg/generator/golang.go:21.23,22.24 1 1
github.com/khan-rasul/flagctl/pkg/generator/golang.go:22.24,24.4 1 1
github.com/khan-rasul/flagctl/pkg/generator/golang.go:26.2,26.32 1 1
github.com/khan-rasul/flagctl/pkg/generator/golang.go:60.72,63.35 2 1
github.com/khan-rasul/flagctl/pkg/generator/golang.go:63.35,66.27 3 1
github.com/khan-rasul/flagctl/pkg/generator/golang.go:66.27,67.58 1 1
github.com/khan-rasul/flagctl/pkg/generator/golang.go:67.58,69.5 1 1
github.com/khan-rasul/flagctl/pkg/generator/golang.go:71.3,71.17 1 1
github.com/khan-rasul/flagctl/pkg/generator/golang.go:71.17,73.4 1 1
github.com/khan-rasul/flagctl/pkg/generator/golang.go:75.3,79.20 4 1
github.com/khan-rasul/flagctl/pkg/generator/golang.go:79.20,83.33 4 1
github.com/khan-rasul/flagctl/pkg/generator/golang.go:83.33,84.65 1 1
github.com/khan-rasul/flagctl/pkg/generator/golang.go:84.65,86.6 1 1
github.com/khan-rasul/flagctl/pkg/generator/golang.go:88.9,88.27 1 1
github.com/khan-rasul/flagctl/pkg/generator/golang.go:88.27,92.4 3 1
github.com/khan-rasul/flagctl/pkg/generator/golang.go:92.9,92.28 1 1
github.com/khan-rasul/flagctl/pkg/generator/golang.go:92.28,93.33 1 1
github.com/khan-rasul/flagctl/pkg/generator/golang.go:93.33,94.68 1 1
github.com/khan-rasul/flagctl/pkg/generator/golang.go:94.68,96.6 1 1
github.com/khan-rasul/flagctl/pkg/generator/golang.go:100.3,107.5 1 1
github.com/khan-rasul/flagctl/pkg/generator/golang.go:110.2,111.16 2 1
github.com/khan-rasul/flagctl/pkg/generator/golang.go:111.16,113.3 1 0
github.com/khan-rasul/flagctl/pkg/generator/golang.go:115.2,116.84 2 1
github.com/khan-rasul/flagctl/pkg/generator/golang.go:116.84,118.3 1 0
github.com/khan-rasul/flagctl/pkg/generator/golang.go:120.2,120.26 1 1
github.com/khan-rasul/flagctl/pkg/generator/typescript.go:13.49,15.2 1 1
github.com/khan-rasul/flagctl/pkg/generator/typescript.go:17.37,18.53 1 1
github.com/khan-rasul/flagctl/pkg/generator/typescript.go:18.53,20.3 1 1
github.com/khan-rasul/flagctl/pkg/generator/typescript.go:21.2,21.23 1 1
github.com/khan-rasul/flagctl/pkg/generator/typescript.go:21.23,22.13 1 1
github.com/khan-rasul/flagctl/pkg/generator/typescript.go:22.13,24.4 1 1
github.com/khan-rasul/flagctl/pkg/generator/typescript.go:24.9,24.31 1 1
github.com/khan-rasul/flagctl/pkg/generator/typescript.go:24.31,26.4 1 1
github.com/khan-rasul/flagctl/pkg/generator/typescript.go:28.2,28.32 1 1
github.com/khan-rasul/flagctl/pkg/generator/typescript.go:31.42,32.29 1 1
github.com/khan-rasul/flagctl/pkg/generator/typescript.go:32.29,34.3 1 0
github.com/khan-rasul/flagctl/pkg/generator/typescript.go:35.2,35.36 1 1
github.com/khan-rasul/flagctl/pkg/generator/typescript.go:35.36,36.21 1 1
github.com/khan-rasul/flagctl/pkg/generator/typescript.go:37.13,38.20 1 1
github.com/khan-rasul/flagctl/pkg/generator/typescript.go:39.15,40.19 1 1
github.com/khan-rasul/flagctl/pkg/generator/typescript.go:41.28,42.19 1 1
github.com/khan-rasul/flagctl/pkg/generator/typescript.go:43.11,44.16 1 1
github.com/khan-rasul/flagctl/pkg/generator/typescript.go:47.2,47.18 1 0
github.com/khan-rasul/flagctl/pkg/generator/typescript.go:73.80,76.35 2 1
github.com/khan-rasul/flagctl/pkg/generator/typescript.go:76.35,79.27 3 1
github.com/khan-rasul/flagctl/pkg/generator/typescript.go:79.27,80.58 1 1
github.com/khan-rasul/flagctl/pkg/generator/typescript.go:80.58,82.5 1 1
github.com/khan-rasul/flagctl/pkg/generator/typescript.go:84.3,84.17 1 1
github.com/khan-rasul/flagctl/pkg/generator/typescript.go:84.17,86.4 1 1
github.com/khan-rasul/flagctl/pkg/generator/typescript.go:88.3,89.32 2 1
github.com/khan-rasul/flagctl/pkg/generator/typescript.go:89.32,90.55 1 1
github.com/khan-rasul/flagctl/pkg/generator/typescript.go:90.55,91.22 1 1
github.com/khan-rasul/flagctl/pkg/generator/typescript.go:91.22,93.6 1 1
github.com/khan-rasul/flagctl/pkg/generator/typescript.go:93.11,93.30 1 1
github.com/khan-rasul/flagctl/pkg/generator/typescript.go:93.30,94.44 1 1
github.com/khan-rasul/flagctl/pkg/generator/typescript.go:94.44,96.7 1 1
github.com/khan-rasul/flagctl/pkg/generator/typescript.go:96.12,98.7 1 0
github.com/khan-rasul/flagctl/pkg/generator/typescript.go:99.11,101.6 1 1
github.com/khan-rasul/flagctl/pkg/generator/typescript.go:105.3,111.5 1 1
github.com/khan-rasul/flagctl/pkg/generator/typescript.go:114.2,115.16 2 1
github.com/khan-rasul/flagctl/pkg/generator/typescript.go:115.16,117.3 1 0
github.com/khan-rasul/flagctl/pkg/generator/typescript.go:119.2,120.84 2 1
github.com/khan-rasul/flagctl/pkg/generator/typescript.go:120.84,122.3 1 0
github.com/khan-rasul/flagctl/pkg/generator/typescript.go:124.2,124.26 1 1
github.com/khan-rasul/flagctl/pkg/generator/typescript.go:127.37,129.2 1 1
github.com/khan-rasul/flagctl/pkg/workspace/workspace.go:29.48,31.16 2 1
github.com/khan-rasul/flagctl/pkg/workspace/workspace.go:31.16,33.3 1 0
github.com/khan-rasul/flagctl/pkg/workspace/workspace.go:35.2,36.6 2 1
github.com/khan-rasul/flagctl/pkg/workspace/workspace.go:36.6,38.78 1 1
github.com/khan-rasul/flagctl/pkg/workspace/workspace.go:38.78,40.4 1 1
github.com/khan-rasul/flagctl/pkg/workspace/workspace.go:42.3,42.71 1 1
github.com/khan-rasul/flagctl/pkg/workspace/workspace.go:42.71,44.4 1 1
github.com/khan-rasul/flagctl/pkg/workspace/workspace.go:45.3,45.71 1 1
github.com/khan-rasul/flagctl/pkg/workspace/workspace.go:45.71,47.4 1 0
github.com/khan-rasul/flagctl/pkg/workspace/workspace.go:49.3,50.21 2 1
github.com/khan-rasul/flagctl/pkg/workspace/workspace.go:50.21,51.9 1 1
github.com/khan-rasul/flagctl/pkg/workspace/workspace.go:53.3,53.16 1 1
github.com/khan-rasul/flagctl/pkg/workspace/workspace.go:56.2,56.125 1 1
github.com/khan-rasul/flagctl/pkg/workspace/workspace.go:60.59,63.16 3 1
github.com/khan-rasul/flagctl/pkg/workspace/workspace.go:63.16,64.37 1 1
github.com/khan-rasul/flagctl/pkg/workspace/workspace.go:64.37,68.80 3 1
github.com/khan-rasul/flagctl/pkg/workspace/workspace.go:68.80,71.5 2 1
github.com/khan-rasul/flagctl/pkg/workspace/workspace.go:72.4,77.10 1 1
github.com/khan-rasul/flagctl/pkg/workspace/workspace.go:79.3,79.76 1 0
github.com/khan-rasul/flagctl/pkg/workspace/workspace.go:82.2,83.51 2 1
github.com/khan-rasul/flagctl/pkg/workspace/workspace.go:83.51,85.3 1 1
github.com/khan-rasul/flagctl/pkg/workspace/workspace.go:87.2,87.29 1 1
github.com/khan-rasul/flagctl/pkg/workspace/workspace.go:87.29,89.3 1 0
github.com/khan-rasul/flagctl/pkg/workspace/workspace.go:91.2,91.18 1 1
github.com/khan-rasul/flagctl/pkg/workspace/workspace.go:95.61,98.16 3 1
github.com/khan-rasul/flagctl/pkg/workspace/workspace.go:98.16,100.3 1 0
github.com/khan-rasul/flagctl/pkg/workspace/workspace.go:101.2,101.42 1 1
github.com/khan-rasul/flagctl/pkg/scanner/scanner.go:34.37,38.22 4 1
github.com/khan-rasul/flagctl/pkg/scanner/scanner.go:38.22,39.27 1 1
github.com/khan-rasul/flagctl/pkg/scanner/scanner.go:39.27,40.13 1 1
github.com/khan-rasul/flagctl/pkg/scanner/scanner.go:40.13,42.5 1 1
github.com/khan-rasul/flagctl/pkg/scanner/scanner.go:43.4,43.34 1 1
github.com/khan-rasul/flagctl/pkg/scanner/scanner.go:44.9,46.4 1 1
github.com/khan-rasul/flagctl/pkg/scanner/scanner.go:48.2,48.20 1 1
github.com/khan-rasul/flagctl/pkg/scanner/scanner.go:51.44,62.24 3 1
github.com/khan-rasul/flagctl/pkg/scanner/scanner.go:62.24,63.47 1 1
github.com/khan-rasul/flagctl/pkg/scanner/scanner.go:63.47,65.4 1 1
github.com/khan-rasul/flagctl/pkg/scanner/scanner.go:67.2,67.17 1 1
github.com/khan-rasul/flagctl/pkg/scanner/scanner.go:70.51,72.36 2 1
github.com/khan-rasul/flagctl/pkg/scanner/scanner.go:72.36,73.48 1 1
github.com/khan-rasul/flagctl/pkg/scanner/scanner.go:73.48,75.4 1 1
github.com/khan-rasul/flagctl/pkg/scanner/scanner.go:78.2,83.3 1 1
github.com/khan-rasul/flagctl/pkg/scanner/scanner.go:86.48,88.33 2 1
github.com/khan-rasul/flagctl/pkg/scanner/scanner.go:88.33,89.17 1 1
github.com/khan-rasul/flagctl/pkg/scanner/scanner.go:89.17,91.4 1 1
github.com/khan-rasul/flagctl/pkg/scanner/scanner.go:93.2,93.14 1 0
github.com/khan-rasul/flagctl/pkg/scanner/scanner.go:96.48,98.29 2 1
github.com/khan-rasul/flagctl/pkg/scanner/scanner.go:98.29,99.34 1 1
github.com/khan-rasul/flagctl/pkg/scanner/scanner.go:99.34,100.19 1 1
github.com/khan-rasul/flagctl/pkg/scanner/scanner.go:100.19,102.5 1 0
github.com/khan-rasul/flagctl/pkg/scanner/scanner.go:105.2,105.14 1 1
github.com/khan-rasul/flagctl/pkg/scanner/scanner.go:108.63,111.82 2 1
github.com/khan-rasul/flagctl/pkg/scanner/scanner.go:111.82,112.17 1 1
github.com/khan-rasul/flagctl/pkg/scanner/scanner.go:112.17,114.4 1 0
github.com/khan-rasul/flagctl/pkg/scanner/scanner.go:116.3,116.19 1 1
github.com/khan-rasul/flagctl/pkg/scanner/scanner.go:116.19,117.26 1 1
github.com/khan-rasul/flagctl/pkg/scanner/scanner.go:117.26,119.5 1 0
github.com/khan-rasul/flagctl/pkg/scanner/scanner.go:120.4,120.14 1 1
github.com/khan-rasul/flagctl/pkg/scanner/scanner.go:123.3,123.48 1 1
github.com/khan-rasul/flagctl/pkg/scanner/scanner.go:123.48,125.4 1 0
github.com/khan-rasul/flagctl/pkg/scanner/scanner.go:127.3,128.17 2 1
github.com/khan-rasul/flagctl/pkg/scanner/scanner.go:128.17,130.4 1 1
github.com/khan-rasul/flagctl/pkg/scanner/scanner.go:132.3,132.13 1 1
github.com/khan-rasul/flagctl/pkg/scanner/scanner.go:135.2,135.21 1 1
github.com/khan-rasul/flagctl/pkg/scanner/scanner.go:138.58,140.16 2 1
github.com/khan-rasul/flagctl/pkg/scanner/scanner.go:140.16,142.3 1 0
github.com/khan-rasul/flagctl/pkg/scanner/scanner.go:143.2,149.21 5 1
github.com/khan-rasul/flagctl/pkg/scanner/scanner.go:149.21,154.33 3 1
github.com/khan-rasul/flagctl/pkg/scanner/scanner.go:154.33,156.35 2 1
github.com/khan-rasul/flagctl/pkg/scanner/scanner.go:156.35,157.37 1 1
github.com/khan-rasul/flagctl/pkg/scanner/scanner.go:157.37,164.6 1 1
github.com/khan-rasul/flagctl/pkg/scanner/scanner.go:169.3,169.31 1 1
github.com/khan-rasul/flagctl/pkg/scanner/scanner.go:169.31,171.35 2 1
github.com/khan-rasul/flagctl/pkg/scanner/scanner.go:171.35,172.37 1 1
github.com/khan-rasul/flagctl/pkg/scanner/scanner.go:172.37,180.6 2 1
github.com/khan-rasul/flagctl/pkg/scanner/scanner.go:185.2,185.31 1 1
github.com/khan-rasul/flagctl/pkg/scanner/scanner.go:188.84,190.16 2 1
github.com/khan-rasul/flagctl/pkg/scanner/scanner.go:190.16,192.3 1 0
github.com/khan-rasul/flagctl/pkg/scanner/scanner.go:194.2,195.31 2 1
github.com/khan-rasul/flagctl/pkg/scanner/scanner.go:195.31,196.83 1 1
github.com/khan-rasul/flagctl/pkg/scanner/scanner.go:196.83,198.4 1 1
github.com/khan-rasul/flagctl/pkg/scanner/scanner.go:201.2,201.22 1 1
github.com/khan-rasul/flagctl/pkg/scanner/scanner.go:204.84,206.16 2 1
github.com/khan-rasul/flagctl/pkg/scanner/scanner.go:206.16,208.3 1 0
github.com/khan-rasul/flagctl/pkg/scanner/scanner.go:210.2,211.28 2 1
github.com/khan-rasul/flagctl/pkg/scanner/scanner.go:211.28,213.3 1 1
github.com/khan-rasul/flagctl/pkg/scanner/scanner.go:215.2,221.36 2 1
github.com/khan-rasul/flagctl/pkg/scanner/scanner.go:221.36,223.14 2 1
github.com/khan-rasul/flagctl/pkg/scanner/scanner.go:223.14,225.4 1 1
github.com/khan-rasul/flagctl/pkg/scanner/scanner.go:225.9,225.36 1 1
github.com/khan-rasul/flagctl/pkg/scanner/scanner.go:225.36,227.4 1 0
github.com/khan-rasul/flagctl/pkg/scanner/scanner.go:230.2,230.29 1 1
github.com/khan-rasul/flagctl/pkg/scanner/scanner.go:230.29,231.43 1 1
github.com/khan-rasul/flagctl/pkg/scanner/scanner.go:231.43,233.4 1 1
github.com/khan-rasul/flagctl/pkg/scanner/scanner.go:236.2,236.20 1 1
